C51 COMPILER V9.56.0.0   KEYBOARD                                                          07/12/2025 17:44:55 PAGE 1   


C51 COMPILER V9.56.0.0, COMPILATION OF MODULE KEYBOARD
OBJECT MODULE PLACED IN keyboard.OBJ
COMPILER INVOKED BY: D:\Keil_v5\C51\BIN\C51.EXE keyboard.c OPTIMIZE(8,SPEED) BROWSE DEBUG OBJECTEXTEND TABS(2)

line level    source

   1          #include <reg52.h>
   2          #include "keyboard.h"
   3          #include "delay.h"
   4          
   5          #define KEY P1
   6          
   7          
   8          
   9          bit isKeyInput(void){
  10   1        unsigned char tmp;
  11   1        //有按键返回1，没有按键返回0
  12   1        KEY=0XF0;//使4个行线P1.3~P1.0都输出0
  13   1        tmp=KEY;//读取按键值
  14   1        tmp=tmp&0xf0;//只保留列线的值
  15   1        if(tmp!=0xf0){
  16   2          return 1;
  17   2        }
  18   1        else {
  19   2          return 0;
  20   2        }
  21   1      }
  22          
  23          unsigned char KeyScan(void){
  24   1        //逐行扫描键盘，得到按键的键码。
  25   1        //键码的构成：高4位是列输入码，低4位是行输出的扫描码
  26   1        //有按键，返回扫描码；没有按键返回0xff
  27   1      
  28   1        KEY=0XFF;
  29   1      
  30   1        //扫描P1.0所在的行
  31   1        {
  32   2          KEY=0XFE;//1111 1110
  33   2          if(KEY==0X7E)   return 7; //0111 1110   s1
  34   2          if(KEY==0XBE)   return 11; //1011 1110
  35   2          if(KEY==0XDE)   return 15; //1101 1110   s3
  36   2          if(KEY==0XEE)   return 19; //1110 1110
  37   2        }
  38   1      
  39   1        //扫描P1.1所在的行
  40   1        {
  41   2          KEY=0XFD;//1111 1101
  42   2          if(KEY==0X7D)   return 6; //0111 1101   
  43   2          if(KEY==0XBD)   return 10; //1011 1101
  44   2          if(KEY==0XDD)   return 14; //1101 1101   
  45   2          if(KEY==0XED)   return 18; //1110 1101
  46   2        }
  47   1        
  48   1        //扫描P1.2所在的行
  49   1        {
  50   2          KEY=0XFB;//1111 1011
  51   2          if(KEY==0X7B)   return 5; //0111 1011   
  52   2          if(KEY==0XBB)   return 9; //1011 1011
  53   2          if(KEY==0XDB)   return 13; //1101 1011   
  54   2          if(KEY==0XEB)   return 17; //1110 1011
  55   2        }
C51 COMPILER V9.56.0.0   KEYBOARD                                                          07/12/2025 17:44:55 PAGE 2   

  56   1      
  57   1        //扫描P1.3所在的行
  58   1        {
  59   2          KEY=0XF7;//1111 0111
  60   2          if(KEY==0X77)   return 4; //0111 0111   
  61   2          if(KEY==0XB7)   return 8; //1011 0111
  62   2          if(KEY==0XD7)   return 12; //1101 0111   
  63   2          if(KEY==0XE7)   return 16; //1110 0111
  64   2        }
  65   1        
  66   1        
  67   1        return 0;
  68   1          
  69   1      }
  70          
  71          void WaitKeyRelease(void){
  72   1        unsigned char tmp;
  73   1        //等待按键松开，只有松开之后，函数才退出
  74   1        while(1){
  75   2          KEY=0XF0;//使4个行线P1.3~P1.0都输出0
  76   2          tmp=KEY;//读取按键值
  77   2          tmp=tmp&0xf0;//只保留列线的值
  78   2          if(tmp==0xf0){//1111 0000 列线都为1。松开
  79   3            break ;
  80   3          }
  81   2        }
  82   1        
  83   1      }
  84          
  85          unsigned char readKey(){
  86   1        unsigned char keycode=0;
  87   1        if(isKeyInput()){
  88   2          delayMs(2);
  89   2          if(isKeyInput()){
  90   3            keycode=KeyScan();
  91   3            WaitKeyRelease();
  92   3          }
  93   2        } 
  94   1        return keycode;
  95   1          
  96   1      }


MODULE INFORMATION:   STATIC OVERLAYABLE
   CODE SIZE        =    206    ----
   CONSTANT SIZE    =   ----    ----
   XDATA SIZE       =   ----    ----
   PDATA SIZE       =   ----    ----
   DATA SIZE        =   ----       1
   IDATA SIZE       =   ----    ----
   BIT SIZE         =   ----    ----
END OF MODULE INFORMATION.


C51 COMPILATION COMPLETE.  0 WARNING(S),  0 ERROR(S)
